// Jest Snapshot v1, https://goo.gl/fbAQLP

exports[`RenderMap 1`] = `ShallowWrapper {}`;
